2D-Map
Resolution: 0
LineMinPos: -961 1108
LineMaxPos: 686 3125
NumLines: 3
LinesAreSorted: true
MapInfo: DockType "Name=Dock" "Label=Dock" "NameRequired=1" "Color0=0xffff00" "Color1=0x000000" "Color2=0x000000" "FtFix=1" "FtSize=12" "Heading=Required"
MapInfo: GoalType "Name=Goal" "Label=Goal" "NameRequired=1" "Color0=0x008080" "Color1=0x00ffff" "Color2=0x008080" "FtFix=1" "FtSize=12"
MetaInfo: Rotation "Value=0"
MetaInfo: Feature "Name=changeprocessing"
RouteInfo: EveryBefore "_everyBefore"
RouteInfo: EveryAfter "_everyAfter"
SchedInfo: Current "_Friday"
SchedInfo: Current "_Monday"
SchedInfo: Current "_Saturday"
SchedInfo: Current "_Sunday"
SchedInfo: Current "_Thursday"
SchedInfo: Current "_Tuesday"
SchedInfo: Current "_Wednesday"
Cairn: RobotHome 0 0 0.000000 "" ICON "Home"
Cairn: Goal 0 5000 0.000000 "" ICON "0, 1000"
Cairn: Goal 5000 0 0.000000 "" ICON "1000, 0"
Cairn: Goal 5000 5000 0.000000 "" ICON "1000, 1000"
LINES
-781 2576 686 1108
639 3120 -961 2460
643 3125 643 1108
DATA
